Microchip MPLAB XC8 Compiler V2.40

Linker command line:

-W-3 \
  --edf=/home/teo/.mchp_packs/Microchip/PIC18F-K_DFP/1.11.281/xc8/pic/dat/20230721151103_en.msgs \
  -cn -h+dist/default/production/2_Program_Only_Run_Mode.production.sym \
  --cmf=dist/default/production/2_Program_Only_Run_Mode.production.cmf -z \
  -Q18F26K83 -o/tmp/xcXCnnBIg --defsym=__MPLAB_BUILD=1 \
  --fixupoverflow=error \
  -Mdist/default/production/2_Program_Only_Run_Mode.production.map \
  --md=/tmp/xcXfcnggK.dat -E1 -ver=XC8 Compiler --acfsm=1493 \
  -ACODE=00h-0FFFFh -ACONST=00h-0FFFFh -ASMALLCONST=01000h-010FFhx240 \
  -AMEDIUMCONST=01000h-0FFFFh -ACOMRAM=01h-05Fh -AABS1=00h-0FFFh \
  -ABIGRAM=01h-0FFFh -ARAM=060h-0FFh,0100h-01FFhx15 -ABANK0=060h-0FFh \
  -ABANK1=0100h-01FFh -ABANK2=0200h-02FFh -ABANK3=0300h-03FFh \
  -ABANK4=0400h-04FFh -ABANK5=0500h-05FFh -ABANK6=0600h-06FFh \
  -ABANK7=0700h-07FFh -ABANK8=0800h-08FFh -ABANK9=0900h-09FFh \
  -ABANK10=0A00h-0AFFh -ABANK11=0B00h-0BFFh -ABANK12=0C00h-0CFFh \
  -ABANK13=0D00h-0DFFh -ABANK14=0E00h-0EFFh -ABANK15=0F00h-0FFFh \
  -ASFR=03700h-037FFhx8,03F00h-03F5Fh,03F60h-03FFFh -ABIGSFR=03700h-03FFFh \
  -ACONFIG=0300000h-0300009h -AIDLOC=0200000h-020000Fh \
  -AEEDATA=0310000h-03103FFh -peeprom_data=EEDATA -preset_vec=00h \
  -ppowerup=CODE,init -pramtop=01000h -psmallconst=SMALLCONST \
  -pmediumconst=MEDIUMCONST -pconst=CONST -AFARRAM=00h-00h \
  -prdata=COMRAM,nvrram=COMRAM,nvbit=COMRAM,rbss=COMRAM,rbit=COMRAM \
  -pfarbss=FARRAM,fardata=FARRAM,nvFARRAM=FARRAM \
  -pintsave_regs=BIGRAM,bigbss=BIGRAM,bigdata=BIGRAM -pbss=RAM \
  -pidata=CODE,irdata=CODE,ibigdata=CODE,ifardata=CODE -prparam=COMRAM \
  /tmp/xcXhGEEaO.o \
  dist/default/production/2_Program_Only_Run_Mode.production.o 

Object code version is 3.11

Machine type is 18F26K83



                Name                               Link     Load   Length Selector   Space Scale
/tmp/xcXhGEEaO.o
                idloc                            200000   200000       10        0       5
                config                           300000   300000        A        0       4
                init                               FFFC     FFFC        4     7FFE       0
                reset_vec                             0        0        4        0       0
dist/default/production/2_Program_Only_Run_Mode.production.o
                idloc                            200000   200000       10        0       5
                config                           300000   300000        A        0       4
                smallconst                         1000     1000       88      800       0
                text28                             59F6     59F6      13A      844       0
                text27                             5F5C     5F5C       78      844       0
                text26                             4FA0     4FA0      2B8      844       0
                text25                             5D48     5D48       DE      844       0
                text24                             619C     619C       18      844       0
                text23                             5EE4     5EE4       78      844       0
                text22                             613C     613C       24      844       0
                text21                             6182     6182       1A      844       0
                text20                             61CA     61CA       16      844       0
                text19                             585E     585E      198      844       0
                text18                             4C40     4C40      360      844       0
                text17                             5FD4     5FD4       5C      844       0
                text16                             61E0     61E0        6      844       0
                text15                             5E26     5E26       BE      844       0
                text14                             6030     6030       5A      844       0
                text13                             48A6     48A6      39A      844       0
                text12                             60D0     60D0       38      844       0
                text11                             3F98     3F98      4C0      844       0
                text10                             608A     608A       46      844       0
                text9                              56AA     56AA      1B4      844       0
                text8                              6108     6108       34      844       0
                text7                              4458     4458      44E      844       0
                text6                              5258     5258      234      844       0
                text5                              5C44     5C44      104      844       0
                text4                              6160     6160       22      844       0
                text3                              3AD8     3AD8      4C0      844       0
                text2                              1088     1088     2A50      844       0
                text1                              548C     548C      21E      844       0
                text0                              5B30     5B30      114      844       0
                cstackCOMRAM                          1        1       5F        1       1
                cstackBANK0                          60       60       58       60       1
                cstackBANK1                         100      100       BC      100       1
                bssBANK0                             B8       B8       2F       60       1
                cinit                              61B4     61B4       16      844       0

TOTAL           Name                               Link     Load   Length     Space
        CLASS   CODE           
                init                               FFFC     FFFC        4         0
                reset_vec                             0        0        4         0
                text28                             59F6     59F6      13A         0
                text27                             5F5C     5F5C       78         0
                text26                             4FA0     4FA0      2B8         0
                text25                             5D48     5D48       DE         0
                text24                             619C     619C       18         0
                text23                             5EE4     5EE4       78         0
                text22                             613C     613C       24         0
                text21                             6182     6182       1A         0
                text20                             61CA     61CA       16         0
                text19                             585E     585E      198         0
                text18                             4C40     4C40      360         0
                text17                             5FD4     5FD4       5C         0
                text16                             61E0     61E0        6         0
                text15                             5E26     5E26       BE         0
                text14                             6030     6030       5A         0
                text13                             48A6     48A6      39A         0
                text12                             60D0     60D0       38         0
                text11                             3F98     3F98      4C0         0
                text10                             608A     608A       46         0
                text9                              56AA     56AA      1B4         0
                text8                              6108     6108       34         0
                text7                              4458     4458      44E         0
                text6                              5258     5258      234         0
                text5                              5C44     5C44      104         0
                text4                              6160     6160       22         0
                text3                              3AD8     3AD8      4C0         0
                text2                              1088     1088     2A50         0
                text1                              548C     548C      21E         0
                text0                              5B30     5B30      114         0
                cinit                              61B4     61B4       16         0

        CLASS   CONST          

        CLASS   SMALLCONST     
                smallconst                         1000     1000       88         0

        CLASS   MEDIUMCONST    

        CLASS   COMRAM         
                cstackCOMRAM                          1        1       5F         1

        CLASS   ABS1           

        CLASS   BIGRAM         

        CLASS   RAM            

        CLASS   BANK0          
                cstackBANK0                          60       60       58         1
                bssBANK0                             B8       B8       2F         1

        CLASS   BANK1          
                cstackBANK1                         100      100       BC         1

        CLASS   BANK2          

        CLASS   BANK3          

        CLASS   BANK4          

        CLASS   BANK5          

        CLASS   BANK6          

        CLASS   BANK7          

        CLASS   BANK8          

        CLASS   BANK9          

        CLASS   BANK10         

        CLASS   BANK11         

        CLASS   BANK12         

        CLASS   BANK13         

        CLASS   BANK14         

        CLASS   BANK15         

        CLASS   SFR            

        CLASS   BIGSFR         

        CLASS   CONFIG         
                config                           300000   300000        A         4

        CLASS   IDLOC          
                idloc                            200000   200000       10         5

        CLASS   EEDATA         

        CLASS   FARRAM         

        CLASS   HEAP           

        CLASS   STACK          



SEGMENTS        Name                           Load    Length   Top    Selector   Space  Class

                reset_vec                      000000  000004  000004         0       0  CODE    
                cstackBANK1                    000100  0000BC  0001BC       100       1  BANK1   
                text2                          001088  00515E  0061E6       844       0  CODE    
                cstackBANK0                    000060  000087  0000E7        60       1  BANK0   
                init                           00FFFC  000004  010000      7FFE       0  CODE    
                cstackCOMRAM                   000001  00005F  000060         1       1  COMRAM  
                smallconst                     001000  000088  001088       800       0  SMALLCON


UNUSED ADDRESS RANGES

        Name                Unused          Largest block    Delta
        BANK0            0000E7-0000FF               19
        BANK1            0001BC-0001FF               44
        BANK10           000A00-000AFF              100
        BANK11           000B00-000BFF              100
        BANK12           000C00-000CFF              100
        BANK13           000D00-000DFF              100
        BANK14           000E00-000EFF              100
        BANK15           000F00-000FFF              100
        BANK2            000200-0002FF              100
        BANK3            000300-0003FF              100
        BANK4            000400-0004FF              100
        BANK5            000500-0005FF              100
        BANK6            000600-0006FF              100
        BANK7            000700-0007FF              100
        BANK8            000800-0008FF              100
        BANK9            000900-0009FF              100
        BIGRAM           0000E7-0000FF               19
                         0001BC-000FFF              E44
        BIGSFR           003700-003FFF              900
        CODE             000004-000FFF              FFC
                         0061E6-00FFFB             9E16
        CONST            000004-000FFF              FFC
                         0061E6-00FFFB             9E16
        EEDATA           310000-3103FF              400
        MEDIUMCONST      0061E6-00FFFB             9E16
        RAM              0000E7-0000FF               19
                         0001BC-000FFF              100
        SFR              003700-003FFF              100
        SMALLCONST       0061E6-00FFFB              100

                                  Symbol Table

?___fladd                                          cstackCOMRAM 00001A
?___fldiv                                          cstackCOMRAM 000001
?___flmul                                          cstackCOMRAM 00002A
?___flneg                                          cstackCOMRAM 000001
?___flsub                                          cstackCOMRAM 000043
?___xxtofl                                         cstackCOMRAM 000001
?_convertReg2ExtendedCANid                         cstackCOMRAM 000001
?_convertReg2StandardCANid                         cstackCOMRAM 000001
?_fabsf                                            cstackCOMRAM 000001
?_nanf                                             cstackCOMRAM 000001
?_powf                                             cstackBANK0  000084
?_scalbnf                                          cstackCOMRAM 000043
?_sqrtf                                            cstackCOMRAM 000057
CAN_receive@returnValue                            cstackCOMRAM 000016
CAN_receive@tempCanMsg                             cstackCOMRAM 000014
CAN_transmit@returnValue                           cstackCOMRAM 000015
CAN_transmit@tempCanMsg                            cstackCOMRAM 000013
CAN_transmit@tempEIDH                              cstackCOMRAM 000016
CAN_transmit@tempEIDL                              cstackCOMRAM 000017
CAN_transmit@tempSIDH                              cstackCOMRAM 000018
CAN_transmit@tempSIDL                              cstackCOMRAM 000019
SPI1_Open@spi1UniqueConfiguration                  cstackCOMRAM 000002
_ANSELA                                            (abs)        003A40
_ANSELB                                            (abs)        003A50
_ANSELC                                            (abs)        003A60
_BRGCON1                                           (abs)        003703
_BRGCON2                                           (abs)        003704
_BRGCON3                                           (abs)        003705
_CANCON                                            (abs)        003F8F
_CANRXPPS                                          (abs)        003AED
_CANSTAT                                           (abs)        003F8E
_CAN_receive                                       text26       004FA0
_CAN_transmit                                      text18       004C40
_CIOCON                                            (abs)        003700
_COMSTATbits                                       (abs)        003F90
_ECANCON                                           (abs)        003F91
_ECAN_Initialize                                   text25       005D48
_INLVLA                                            (abs)        003A44
_INLVLB                                            (abs)        003A54
_INLVLC                                            (abs)        003A64
_INLVLE                                            (abs)        003A84
_LATA                                              (abs)        003FBA
_LATAbits                                          (abs)        003FBA
_LATB                                              (abs)        003FBB
_LATC                                              (abs)        003FBC
_LATCbits                                          (abs)        003FBC
_ODCONA                                            (abs)        003A42
_ODCONB                                            (abs)        003A52
_ODCONC                                            (abs)        003A62
_OSCCON1                                           (abs)        0039D9
_OSCCON3                                           (abs)        0039DB
_OSCEN                                             (abs)        0039DD
_OSCFRQ                                            (abs)        0039DF
_OSCILLATOR_Initialize                             text24       00619C
_OSCTUNE                                           (abs)        0039DE
_PIE5bits                                          (abs)        003995
_PIN_MANAGER_Initialize                            text23       005EE4
_PIR2bits                                          (abs)        0039A2
_PIR5bits                                          (abs)        0039A5
_PMD0                                              (abs)        0039C0
_PMD1                                              (abs)        0039C1
_PMD2                                              (abs)        0039C2
_PMD3                                              (abs)        0039C3
_PMD4                                              (abs)        0039C4
_PMD5                                              (abs)        0039C5
_PMD6                                              (abs)        0039C6
_PMD7                                              (abs)        0039C7
_PMD_Initialize                                    text22       00613C
_PORTAbits                                         (abs)        003FCA
_RA5PPS                                            (abs)        003A05
_RB2PPS                                            (abs)        003A0A
_RC3PPS                                            (abs)        003A13
_RC5PPS                                            (abs)        003A15
_RXB0CONbits                                       (abs)        003F80
_RXB0D0                                            (abs)        003F86
_RXB0D1                                            (abs)        003F87
_RXB0D2                                            (abs)        003F88
_RXB0D3                                            (abs)        003F89
_RXB0D4                                            (abs)        003F8A
_RXB0D5                                            (abs)        003F8B
_RXB0D6                                            (abs)        003F8C
_RXB0D7                                            (abs)        003F8D
_RXB0DLC                                           (abs)        003F85
_RXB0EIDH                                          (abs)        003F83
_RXB0EIDL                                          (abs)        003F84
_RXB0SIDH                                          (abs)        003F81
_RXB0SIDL                                          (abs)        003F82
_RXB1CONbits                                       (abs)        0037F0
_RXB1D0                                            (abs)        0037F6
_RXB1D1                                            (abs)        0037F7
_RXB1D2                                            (abs)        0037F8
_RXB1D3                                            (abs)        0037F9
_RXB1D4                                            (abs)        0037FA
_RXB1D5                                            (abs)        0037FB
_RXB1D6                                            (abs)        0037FC
_RXB1D7                                            (abs)        0037FD
_RXB1DLC                                           (abs)        0037F5
_RXB1EIDH                                          (abs)        0037F3
_RXB1EIDL                                          (abs)        0037F4
_RXB1SIDH                                          (abs)        0037F1
_RXB1SIDL                                          (abs)        0037F2
_RXF0EIDH                                          (abs)        0037A2
_RXF0EIDL                                          (abs)        0037A3
_RXF0SIDH                                          (abs)        0037A0
_RXF0SIDL                                          (abs)        0037A1
_RXF1EIDH                                          (abs)        0037A6
_RXF1EIDL                                          (abs)        0037A7
_RXF1SIDH                                          (abs)        0037A4
_RXF1SIDL                                          (abs)        0037A5
_RXF2EIDH                                          (abs)        0037AA
_RXF2EIDL                                          (abs)        0037AB
_RXF2SIDH                                          (abs)        0037A8
_RXF2SIDL                                          (abs)        0037A9
_RXF3EIDH                                          (abs)        0037AE
_RXF3EIDL                                          (abs)        0037AF
_RXF3SIDH                                          (abs)        0037AC
_RXF3SIDL                                          (abs)        0037AD
_RXF4EIDH                                          (abs)        0037B2
_RXF4EIDL                                          (abs)        0037B3
_RXF4SIDH                                          (abs)        0037B0
_RXF4SIDL                                          (abs)        0037B1
_RXF5EIDH                                          (abs)        0037B6
_RXF5EIDL                                          (abs)        0037B7
_RXF5SIDH                                          (abs)        0037B4
_RXF5SIDL                                          (abs)        0037B5
_RXM0EIDH                                          (abs)        0037BA
_RXM0EIDL                                          (abs)        0037BB
_RXM0SIDH                                          (abs)        0037B8
_RXM0SIDL                                          (abs)        0037B9
_RXM1EIDH                                          (abs)        0037BE
_RXM1EIDL                                          (abs)        0037BF
_RXM1SIDH                                          (abs)        0037BC
_RXM1SIDL                                          (abs)        0037BD
_ReceiveMsg                                        bssBANK0     0000D1
_SLRCONA                                           (abs)        003A43
_SLRCONB                                           (abs)        003A53
_SLRCONC                                           (abs)        003A63
_SPI1BAUD                                          (abs)        003D19
_SPI1CLK                                           (abs)        003D1C
_SPI1CON0                                          (abs)        003D14
_SPI1CON0bits                                      (abs)        003D14
_SPI1CON1                                          (abs)        003D15
_SPI1CON2                                          (abs)        003D16
_SPI1RXB                                           (abs)        003D10
_SPI1SCKPPS                                        (abs)        003AE0
_SPI1SDIPPS                                        (abs)        003AE1
_SPI1TCNTL                                         (abs)        003D12
_SPI1TXB                                           (abs)        003D11
_SPI1_Close                                        text16       0061E0
_SPI1_Initialize                                   text21       006182
_SPI1_Open                                         text15       005E26
_SYSTEM_Initialize                                 text20       0061CA
_TRISA                                             (abs)        003FC2
_TRISAbits                                         (abs)        003FC2
_TRISB                                             (abs)        003FC3
_TRISBbits                                         (abs)        003FC3
_TRISC                                             (abs)        003FC4
_TRISCbits                                         (abs)        003FC4
_TXB0CONbits                                       (abs)        0037E0
_TXB0D0                                            (abs)        0037E6
_TXB0D1                                            (abs)        0037E7
_TXB0D2                                            (abs)        0037E8
_TXB0D3                                            (abs)        0037E9
_TXB0D4                                            (abs)        0037EA
_TXB0D5                                            (abs)        0037EB
_TXB0D6                                            (abs)        0037EC
_TXB0D7                                            (abs)        0037ED
_TXB0DLC                                           (abs)        0037E5
_TXB0EIDH                                          (abs)        0037E3
_TXB0EIDL                                          (abs)        0037E4
_TXB0SIDH                                          (abs)        0037E1
_TXB0SIDL                                          (abs)        0037E2
_TXB1CONbits                                       (abs)        0037D0
_TXB1D0                                            (abs)        0037D6
_TXB1D1                                            (abs)        0037D7
_TXB1D2                                            (abs)        0037D8
_TXB1D3                                            (abs)        0037D9
_TXB1D4                                            (abs)        0037DA
_TXB1D5                                            (abs)        0037DB
_TXB1D6                                            (abs)        0037DC
_TXB1D7                                            (abs)        0037DD
_TXB1DLC                                           (abs)        0037D5
_TXB1EIDH                                          (abs)        0037D3
_TXB1EIDL                                          (abs)        0037D4
_TXB1SIDH                                          (abs)        0037D1
_TXB1SIDL                                          (abs)        0037D2
_TXB2CONbits                                       (abs)        0037C0
_TXB2D0                                            (abs)        0037C6
_TXB2D1                                            (abs)        0037C7
_TXB2D2                                            (abs)        0037C8
_TXB2D3                                            (abs)        0037C9
_TXB2D4                                            (abs)        0037CA
_TXB2D5                                            (abs)        0037CB
_TXB2D6                                            (abs)        0037CC
_TXB2D7                                            (abs)        0037CD
_TXB2DLC                                           (abs)        0037C5
_TXB2EIDH                                          (abs)        0037C3
_TXB2EIDL                                          (abs)        0037C4
_TXB2SIDH                                          (abs)        0037C1
_TXB2SIDL                                          (abs)        0037C2
_WPUA                                              (abs)        003A41
_WPUB                                              (abs)        003A51
_WPUC                                              (abs)        003A61
_WPUE                                              (abs)        003A81
__HRAM                                             (abs)        000000
__Habs1                                            abs1         000000
__Hbank0                                           bank0        000000
__Hbank1                                           bank1        000000
__Hbank10                                          bank10       000000
__Hbank11                                          bank11       000000
__Hbank12                                          bank12       000000
__Hbank13                                          bank13       000000
__Hbank14                                          bank14       000000
__Hbank15                                          bank15       000000
__Hbank2                                           bank2        000000
__Hbank3                                           bank3        000000
__Hbank4                                           bank4        000000
__Hbank5                                           bank5        000000
__Hbank6                                           bank6        000000
__Hbank7                                           bank7        000000
__Hbank8                                           bank8        000000
__Hbank9                                           bank9        000000
__Hbigbss                                          bigbss       000000
__Hbigdata                                         bigdata      000000
__Hbigram                                          bigram       000000
__Hbigsfr                                          bigsfr       000000
__Hbss                                             bss          000000
__HbssBANK0                                        bssBANK0     000000
__Hcinit                                           cinit        000000
__Hclrtext                                         clrtext      000000
__Hcomram                                          comram       000000
__Hconfig                                          config       30000A
__Hconst                                           const        000000
__HcstackBANK0                                     cstackBANK0  000000
__HcstackBANK1                                     cstackBANK1  000000
__HcstackCOMRAM                                    cstackCOMRAM 000000
__Hdata                                            data         000000
__Heeprom_data                                     eeprom_data  000000
__Hfarbss                                          farbss       000000
__Hfardata                                         fardata      000000
__Hheap                                            heap         000000
__Hibigdata                                        ibigdata     000000
__Hidata                                           idata        000000
__Hidloc                                           idloc        200010
__Hifardata                                        ifardata     000000
__Hinit                                            init         010000
__Hintsave_regs                                    intsave_regs 000000
__Hirdata                                          irdata       000000
__Hmediumconst                                     mediumconst  000000
__HnvFARRAM                                        nvFARRAM     000000
__Hnvbit                                           nvbit        000000
__Hnvrram                                          nvrram       000000
__Hparam                                           rparam       000000
__Hpowerup                                         powerup      000000
__Hram                                             ram          000000
__Hramtop                                          ramtop       001000
__Hrbit                                            rbit         000000
__Hrbss                                            rbss         000000
__Hrdata                                           rdata        000000
__Hreset_vec                                       reset_vec    000004
__Hrparam                                          rparam       000000
__Hsfr                                             sfr          000000
__Hsmallconst                                      smallconst   001088
__Hspace_0                                         (abs)        010000
__Hspace_1                                         (abs)        0001BC
__Hspace_2                                         (abs)        000000
__Hspace_4                                         (abs)        60000A
__Hstack                                           stack        000000
__Hstruct                                          struct       000000
__Htemp                                            temp         000000
__Htext                                            text         000000
__Htext0                                           text0        000000
__Htext1                                           text1        000000
__Htext10                                          text10       000000
__Htext11                                          text11       000000
__Htext12                                          text12       000000
__Htext13                                          text13       000000
__Htext14                                          text14       000000
__Htext15                                          text15       000000
__Htext16                                          text16       000000
__Htext17                                          text17       000000
__Htext18                                          text18       000000
__Htext19                                          text19       000000
__Htext2                                           text2        000000
__Htext20                                          text20       000000
__Htext21                                          text21       000000
__Htext22                                          text22       000000
__Htext23                                          text23       000000
__Htext24                                          text24       000000
__Htext25                                          text25       000000
__Htext26                                          text26       000000
__Htext27                                          text27       000000
__Htext28                                          text28       000000
__Htext3                                           text3        000000
__Htext4                                           text4        000000
__Htext5                                           text5        000000
__Htext6                                           text6        000000
__Htext7                                           text7        000000
__Htext8                                           text8        000000
__Htext9                                           text9        000000
__LRAM                                             (abs)        000001
__Labs1                                            abs1         000000
__Lbank0                                           bank0        000000
__Lbank1                                           bank1        000000
__Lbank10                                          bank10       000000
__Lbank11                                          bank11       000000
__Lbank12                                          bank12       000000
__Lbank13                                          bank13       000000
__Lbank14                                          bank14       000000
__Lbank15                                          bank15       000000
__Lbank2                                           bank2        000000
__Lbank3                                           bank3        000000
__Lbank4                                           bank4        000000
__Lbank5                                           bank5        000000
__Lbank6                                           bank6        000000
__Lbank7                                           bank7        000000
__Lbank8                                           bank8        000000
__Lbank9                                           bank9        000000
__Lbigbss                                          bigbss       000000
__Lbigdata                                         bigdata      000000
__Lbigram                                          bigram       000000
__Lbigsfr                                          bigsfr       000000
__Lbss                                             bss          000000
__LbssBANK0                                        bssBANK0     000000
__Lcinit                                           cinit        000000
__Lclrtext                                         clrtext      000000
__Lcomram                                          comram       000000
__Lconfig                                          config       000000
__Lconst                                           const        000000
__LcstackBANK0                                     cstackBANK0  000000
__LcstackBANK1                                     cstackBANK1  000000
__LcstackCOMRAM                                    cstackCOMRAM 000000
__Ldata                                            data         000000
__Leeprom_data                                     eeprom_data  000000
__Lfarbss                                          farbss       000000
__Lfardata                                         fardata      000000
__Lheap                                            heap         000000
__Libigdata                                        ibigdata     000000
__Lidata                                           idata        000000
__Lidloc                                           idloc        000000
__Lifardata                                        ifardata     000000
__Linit                                            init         00FFFC
__Lintsave_regs                                    intsave_regs 000000
__Lirdata                                          irdata       000000
__Lmediumconst                                     mediumconst  000000
__LnvFARRAM                                        nvFARRAM     000000
__Lnvbit                                           nvbit        000000
__Lnvrram                                          nvrram       000000
__Lparam                                           rparam       000000
__Lpowerup                                         powerup      000000
__Lram                                             ram          000000
__Lramtop                                          ramtop       001000
__Lrbit                                            rbit         000000
__Lrbss                                            rbss         000000
__Lrdata                                           rdata        000000
__Lreset_vec                                       reset_vec    000000
__Lrparam                                          rparam       000000
__Lsfr                                             sfr          000000
__Lsmallconst                                      smallconst   001000
__Lspace_0                                         (abs)        000000
__Lspace_1                                         (abs)        000000
__Lspace_2                                         (abs)        000000
__Lspace_4                                         (abs)        000000
__Lstack                                           stack        000000
__Lstruct                                          struct       000000
__Ltemp                                            temp         000000
__Ltext                                            text         000000
__Ltext0                                           text0        000000
__Ltext1                                           text1        000000
__Ltext10                                          text10       000000
__Ltext11                                          text11       000000
__Ltext12                                          text12       000000
__Ltext13                                          text13       000000
__Ltext14                                          text14       000000
__Ltext15                                          text15       000000
__Ltext16                                          text16       000000
__Ltext17                                          text17       000000
__Ltext18                                          text18       000000
__Ltext19                                          text19       000000
__Ltext2                                           text2        000000
__Ltext20                                          text20       000000
__Ltext21                                          text21       000000
__Ltext22                                          text22       000000
__Ltext23                                          text23       000000
__Ltext24                                          text24       000000
__Ltext25                                          text25       000000
__Ltext26                                          text26       000000
__Ltext27                                          text27       000000
__Ltext28                                          text28       000000
__Ltext3                                           text3        000000
__Ltext4                                           text4        000000
__Ltext5                                           text5        000000
__Ltext6                                           text6        000000
__Ltext7                                           text7        000000
__Ltext8                                           text8        000000
__Ltext9                                           text9        000000
__S0                                               (abs)        010000
__S1                                               (abs)        0001BC
__S4                                               (abs)        000000
__S5                                               (abs)        000000
___fladd                                           text11       003F98
___fladd@a                                         cstackCOMRAM 00001E
___fladd@aexp                                      cstackCOMRAM 000027
___fladd@b                                         cstackCOMRAM 00001A
___fladd@bexp                                      cstackCOMRAM 000028
___fladd@grs                                       cstackCOMRAM 000029
___fladd@signs                                     cstackCOMRAM 000026
___fldiv                                           text13       0048A6
___fldiv@a                                         cstackCOMRAM 000005
___fldiv@aexp                                      cstackCOMRAM 000019
___fldiv@b                                         cstackCOMRAM 000001
___fldiv@bexp                                      cstackCOMRAM 000018
___fldiv@grs                                       cstackCOMRAM 000014
___fldiv@new_exp                                   cstackCOMRAM 000012
___fldiv@rem                                       cstackCOMRAM 00000D
___fldiv@sign                                      cstackCOMRAM 000011
___flge                                            text5        005C44
___flge@ff1                                        cstackCOMRAM 00004B
___flge@ff2                                        cstackCOMRAM 00004F
___flmul                                           text7        004458
___flmul@a                                         cstackCOMRAM 00002E
___flmul@aexp                                      cstackCOMRAM 00003B
___flmul@b                                         cstackCOMRAM 00002A
___flmul@bexp                                      cstackCOMRAM 00003C
___flmul@grs                                       cstackCOMRAM 000037
___flmul@prod                                      cstackCOMRAM 00003D
___flmul@sign                                      cstackCOMRAM 000036
___flmul@temp                                      cstackCOMRAM 000041
___flneg                                           text12       0060D0
___flneg@f1                                        cstackCOMRAM 000001
___flsub                                           text10       00608A
___flsub@a                                         cstackCOMRAM 000047
___flsub@b                                         cstackCOMRAM 000043
___heap_hi                                         (abs)        000000
___heap_lo                                         (abs)        000000
___inthi_sp                                        stack        000000
___intlo_sp                                        stack        000000
___param_bank                                      (abs)        000000
___rparam_used                                     (abs)        000001
___sp                                              stack        000000
___xxtofl                                          text9        0056AA
___xxtofl@arg                                      cstackCOMRAM 00000B
___xxtofl@exp                                      cstackCOMRAM 00000A
___xxtofl@sign                                     cstackCOMRAM 000009
___xxtofl@val                                      cstackCOMRAM 000001
__accesstop                                        (abs)        000060
__activetblptr                                     (abs)        000002
__end_of_CAN_receive                               text26       005258
__end_of_CAN_transmit                              text18       004FA0
__end_of_ECAN_Initialize                           text25       005E26
__end_of_L1                                        smallconst   001062
__end_of_L2                                        smallconst   00105E
__end_of_L3                                        smallconst   00105A
__end_of_L4                                        smallconst   001056
__end_of_L5                                        smallconst   001052
__end_of_L6                                        smallconst   00104E
__end_of_OSCILLATOR_Initialize                     text24       0061B4
__end_of_P1                                        smallconst   00104A
__end_of_P2                                        smallconst   001046
__end_of_P3                                        smallconst   001042
__end_of_P4                                        smallconst   00103E
__end_of_P5                                        smallconst   00103A
__end_of_PIN_MANAGER_Initialize                    text23       005F5C
__end_of_PMD_Initialize                            text22       006160
__end_of_SPI1_Close                                text16       0061E6
__end_of_SPI1_Initialize                           text21       00619C
__end_of_SPI1_Open                                 text15       005EE4
__end_of_SYSTEM_Initialize                         text20       0061E0
__end_of___fladd                                   text11       004458
__end_of___fldiv                                   text13       004C40
__end_of___flge                                    text5        005D48
__end_of___flmul                                   text7        0048A6
__end_of___flneg                                   text12       006108
__end_of___flsub                                   text10       0060D0
__end_of___xxtofl                                  text9        00585E
__end_of__initialization                           cinit        0061C0
__end_of_bp                                        smallconst   00107A
__end_of_canId                                     smallconst   001072
__end_of_convertCANid2Reg                          text19       0059F6
__end_of_convertReg2ExtendedCANid                  text28       005B30
__end_of_convertReg2StandardCANid                  text27       005FD4
__end_of_cp                                        smallconst   001026
__end_of_cp_h                                      smallconst   001086
__end_of_cp_l                                      smallconst   001082
__end_of_dp_h                                      smallconst   001011
__end_of_dp_l                                      smallconst   001009
__end_of_fabsf                                     text8        00613C
__end_of_huge                                      smallconst   00106A
__end_of_ivln2                                     smallconst   001022
__end_of_ivln2_h                                   smallconst   00107E
__end_of_ivln2_l                                   smallconst   00101E
__end_of_lg2                                       smallconst   001036
__end_of_lg2_h                                     smallconst   001032
__end_of_lg2_l                                     smallconst   00102E
__end_of_main                                      text0        005C44
__end_of_memcpy                                    text14       00608A
__end_of_nanf                                      text4        006182
__end_of_ovt                                       smallconst   00102A
__end_of_powf                                      text2        003AD8
__end_of_scalbnf                                   text6        00548C
__end_of_sendAck                                   text17       006030
__end_of_sendData                                  text1        0056AA
__end_of_spi1_configuration                        smallconst   001016
__end_of_sqrtf                                     text3        003F98
__end_of_tiny                                      smallconst   001066
__end_of_tiny@sqrtf$F1746                          smallconst   00101A
__end_of_two24                                     smallconst   00106E
__initialization                                   cinit        0061B4
__mediumconst                                      mediumconst  000000
__pbssBANK0                                        bssBANK0     0000B8
__pcinit                                           cinit        0061B4
__pcstackBANK0                                     cstackBANK0  000060
__pcstackBANK1                                     cstackBANK1  000100
__pcstackCOMRAM                                    cstackCOMRAM 000001
__psmallconst                                      smallconst   001000
__ptext0                                           text0        005B30
__ptext1                                           text1        00548C
__ptext10                                          text10       00608A
__ptext11                                          text11       003F98
__ptext12                                          text12       0060D0
__ptext13                                          text13       0048A6
__ptext14                                          text14       006030
__ptext15                                          text15       005E26
__ptext16                                          text16       0061E0
__ptext17                                          text17       005FD4
__ptext18                                          text18       004C40
__ptext19                                          text19       00585E
__ptext2                                           text2        001088
__ptext20                                          text20       0061CA
__ptext21                                          text21       006182
__ptext22                                          text22       00613C
__ptext23                                          text23       005EE4
__ptext24                                          text24       00619C
__ptext25                                          text25       005D48
__ptext26                                          text26       004FA0
__ptext27                                          text27       005F5C
__ptext28                                          text28       0059F6
__ptext3                                           text3        003AD8
__ptext4                                           text4        006160
__ptext5                                           text5        005C44
__ptext6                                           text6        005258
__ptext7                                           text7        004458
__ptext8                                           text8        006108
__ptext9                                           text9        0056AA
__ramtop                                           ramtop       001000
__smallconst                                       smallconst   001000
_bp                                                smallconst   001072
_cont                                              bssBANK0     0000CA
_convertCANid2Reg                                  text19       00585E
_convertReg2ExtendedCANid                          text28       0059F6
_convertReg2StandardCANid                          text27       005F5C
_data_RX                                           bssBANK0     0000BC
_degrees                                           bssBANK0     0000DF
_delay                                             bssBANK0     0000D0
_dp_h                                              smallconst   001009
_dp_l                                              smallconst   001001
_errno                                             bssBANK0     0000C8
_fabsf                                             text8        006108
_main                                              text0        005B30
_memcpy                                            text14       006030
_message                                           bssBANK0     0000C4
_nanf                                              text4        006160
_position_bits                                     bssBANK0     0000C0
_powf                                              text2        001088
_powf$1986                                         cstackBANK1  0001A4
_powf$1987                                         cstackBANK1  000154
_powf$1988                                         cstackBANK1  000148
_powf$1989                                         cstackBANK1  000194
_powf$1990                                         cstackBANK1  000138
_powf$1991                                         cstackBANK1  000100
_powf$1992                                         cstackBANK1  000104
_powf$1993                                         cstackBANK1  000158
_powf$1994                                         cstackBANK1  00013C
_powf$1995                                         cstackBANK1  000140
_powf$1996                                         cstackBANK1  000108
_powf$1997                                         cstackBANK1  00010C
_powf$1998                                         cstackBANK1  000110
_powf$1999                                         cstackBANK1  000114
_powf$2000                                         cstackBANK1  000118
_pushFlag                                          bssBANK0     0000CC
_scalbnf                                           text6        005258
_sendAck                                           text17       005FD4
_sendData                                          text1        00548C
_sendData$1985                                     cstackBANK0  0000A4
_spi1_configuration                                smallconst   001011
_sqrtf                                             text3        003AD8
_temp                                              bssBANK0     0000E3
_x                                                 bssBANK0     0000CF
_y                                                 bssBANK0     0000CE
convertCANid2Reg@canIdType                         cstackCOMRAM 000005
convertCANid2Reg@passedInEIDH                      cstackCOMRAM 000006
convertCANid2Reg@passedInEIDL                      cstackCOMRAM 000008
convertCANid2Reg@passedInSIDH                      cstackCOMRAM 00000A
convertCANid2Reg@passedInSIDL                      cstackCOMRAM 00000C
convertCANid2Reg@tempPassedInID                    cstackCOMRAM 000001
convertCANid2Reg@wipSIDL                           cstackCOMRAM 000012
convertReg2ExtendedCANid@CAN_standardLo_ID_hi3bits cstackCOMRAM 00000F
convertReg2ExtendedCANid@CAN_standardLo_ID_lo2bits cstackCOMRAM 00000E
convertReg2ExtendedCANid@ConvertedID               cstackCOMRAM 000010
convertReg2ExtendedCANid@returnValue               cstackCOMRAM 00000A
convertReg2ExtendedCANid@tempRXBn_EIDH             cstackCOMRAM 000009
convertReg2ExtendedCANid@tempRXBn_EIDL             cstackCOMRAM 000001
convertReg2ExtendedCANid@tempRXBn_SIDH             cstackCOMRAM 000002
convertReg2ExtendedCANid@tempRXBn_SIDL             cstackCOMRAM 000003
convertReg2StandardCANid@ConvertedID               cstackCOMRAM 00000C
convertReg2StandardCANid@returnValue               cstackCOMRAM 000008
convertReg2StandardCANid@tempRXBn_SIDH             cstackCOMRAM 000007
convertReg2StandardCANid@tempRXBn_SIDL             cstackCOMRAM 000001
end_of_initialization                              cinit        0061C0
fabsf@F465                                         bssBANK0     0000B8
fabsf@u                                            cstackCOMRAM 000005
fabsf@x                                            cstackCOMRAM 000001
intlevel0                                          text         000000
intlevel1                                          text         000000
intlevel2                                          text         000000
intlevel3                                          text         000000
isa$std                                            (abs)        000001
isa$xinst                                          (abs)        000000
memcpy@d                                           cstackCOMRAM 000007
memcpy@d1                                          cstackCOMRAM 000001
memcpy@n                                           cstackCOMRAM 000005
memcpy@s                                           cstackCOMRAM 000009
memcpy@s1                                          cstackCOMRAM 000003
memcpy@tmp                                         cstackCOMRAM 00000B
nanf@s                                             cstackCOMRAM 000001
nanf@u                                             cstackCOMRAM 000005
powf@__xc8_float_word                              cstackBANK1  0001B8
powf@ax                                            cstackBANK1  000170
powf@hx                                            cstackBANK1  000160
powf@hy                                            cstackBANK1  000184
powf@i                                             cstackBANK1  00012C
powf@is                                            cstackBANK1  000190
powf@ix                                            cstackBANK1  0001A8
powf@iy                                            cstackBANK1  000198
powf@j                                             cstackBANK1  0001AC
powf@k                                             cstackBANK1  0001A0
powf@n                                             cstackBANK1  00017C
powf@p_h                                           cstackBANK1  00019C
powf@p_l                                           cstackBANK1  000164
powf@r                                             cstackBANK1  00014C
powf@s                                             cstackBANK1  00015C
powf@s2                                            cstackBANK1  00018C
powf@s_h                                           cstackBANK1  00016C
powf@s_l                                           cstackBANK1  000130
powf@sn                                            cstackBANK1  000188
powf@t                                             cstackBANK1  0001B0
powf@t1                                            cstackBANK1  000180
powf@t2                                            cstackBANK1  00011C
powf@t_h                                           cstackBANK1  000168
powf@t_l                                           cstackBANK1  000134
powf@u                                             cstackBANK1  000174
powf@v                                             cstackBANK1  000178
powf@w                                             cstackBANK1  000144
powf@x                                             cstackBANK0  000084
powf@y                                             cstackBANK0  000088
powf@y1                                            cstackBANK1  000128
powf@yisint                                        cstackBANK1  000150
powf@z                                             cstackBANK1  0001B4
powf@z_h                                           cstackBANK1  000120
powf@z_l                                           cstackBANK1  000124
scalbnf@n                                          cstackCOMRAM 000047
scalbnf@u                                          cstackCOMRAM 00004D
scalbnf@x                                          cstackCOMRAM 000043
scalbnf@y                                          cstackCOMRAM 000051
sendAck@AckMsg                                     cstackCOMRAM 000020
sendAck@op                                         cstackCOMRAM 00001A
sendData@SendMsg                                   cstackBANK0  0000A8
sendData@op                                        cstackBANK0  000095
sqrtf@__xc8_float_word                             cstackBANK0  000068
sqrtf@i                                            cstackBANK0  000064
sqrtf@ix                                           cstackBANK0  000080
sqrtf@m                                            cstackBANK0  000078
sqrtf@q                                            cstackBANK0  00006C
sqrtf@r                                            cstackBANK0  00007C
sqrtf@s                                            cstackBANK0  000060
sqrtf@t                                            cstackBANK0  000070
sqrtf@x                                            cstackCOMRAM 000057
sqrtf@z                                            cstackBANK0  000074
stackhi                                            (abs)        000000
stacklo                                            (abs)        000000
start                                              init         00FFFC
start_initialization                               cinit        0061B4


MODULE INFORMATION

Module		Function		Class		Link	Load	Size
/opt/microchip/xc8/v2.40/pic/sources/c99/common/xxtofl.c
		___xxtofl      		CODE           	56AA	0000	436

/opt/microchip/xc8/v2.40/pic/sources/c99/common/xxtofl.c estimated size: 436

/opt/microchip/xc8/v2.40/pic/sources/c99/common/sprcmul.c
		___flmul       		CODE           	4458	0000	1102

/opt/microchip/xc8/v2.40/pic/sources/c99/common/sprcmul.c estimated size: 1102

/opt/microchip/xc8/v2.40/pic/sources/c99/common/sqrtf.c
		_sqrtf         		CODE           	3AD8	0000	1216

/opt/microchip/xc8/v2.40/pic/sources/c99/common/sqrtf.c estimated size: 1216

/opt/microchip/xc8/v2.40/pic/sources/c99/common/sprcdiv.c
		___fldiv       		CODE           	48A6	0000	922

/opt/microchip/xc8/v2.40/pic/sources/c99/common/sprcdiv.c estimated size: 922

mcc_generated_files/pin_manager.c
		_PIN_MANAGER_Initialize		CODE           	5EE4	0000	120

mcc_generated_files/pin_manager.c estimated size: 120

mcc_generated_files/spi1.c
		_SPI1_Open     		CODE           	5E26	0000	190
		_SPI1_Initialize		CODE           	6182	0000	26
		_SPI1_Close    		CODE           	61E0	0000	6

mcc_generated_files/spi1.c estimated size: 222

/opt/microchip/xc8/v2.40/pic/sources/c99/common/scalbnf.c
		_scalbnf       		CODE           	5258	0000	564

/opt/microchip/xc8/v2.40/pic/sources/c99/common/scalbnf.c estimated size: 564

/opt/microchip/xc8/v2.40/pic/sources/c99/common/powf.c
		_powf          		CODE           	1088	0000	10832

/opt/microchip/xc8/v2.40/pic/sources/c99/common/powf.c estimated size: 10832

mcc_generated_files/ecan.c
		_CAN_receive   		CODE           	4FA0	0000	696
		_ECAN_Initialize		CODE           	5D48	0000	222
		_convertReg2ExtendedCANid		CODE           	59F6	0000	314
		_CAN_transmit  		CODE           	4C40	0000	864
		_convertReg2StandardCANid		CODE           	5F5C	0000	120
		_convertCANid2Reg		CODE           	585E	0000	408

mcc_generated_files/ecan.c estimated size: 2624

/opt/microchip/xc8/v2.40/pic/sources/c99/common/memcpy.c
		_memcpy        		CODE           	6030	0000	90

/opt/microchip/xc8/v2.40/pic/sources/c99/common/memcpy.c estimated size: 90

shared
		_L5            		SMALLCONST     	0000	0000	0
		_P3            		SMALLCONST     	0000	0000	0
		_L6            		SMALLCONST     	0000	0000	0
		_P4            		SMALLCONST     	0000	0000	0
		_P5            		SMALLCONST     	0000	0000	0
		_lg2_l         		SMALLCONST     	0000	0000	0
		_ivln2_l       		SMALLCONST     	0000	0000	0
		_canId         		SMALLCONST     	0000	0000	0
		_ivln2         		SMALLCONST     	0000	0000	0
		__initialization		CODE           	61B4	0000	12
		_bp            		SMALLCONST     	1072	0000	8
		_cp            		SMALLCONST     	0000	0000	0
		_cp_h          		SMALLCONST     	0000	0000	0
		_dp_h          		SMALLCONST     	1009	0000	8
		_lg2           		SMALLCONST     	0000	0000	0
		_tiny@sqrtf$F1746		SMALLCONST     	0000	0000	0
		_lg2_h         		SMALLCONST     	0000	0000	0
		_ivln2_h       		SMALLCONST     	0000	0000	0
		_tiny          		SMALLCONST     	0000	0000	0
		_ovt           		SMALLCONST     	0000	0000	0
		_huge          		SMALLCONST     	0000	0000	0
		_two24         		SMALLCONST     	0000	0000	0
		_cp_l          		SMALLCONST     	0000	0000	0
		_spi1_configuration		SMALLCONST     	1011	0000	5
		_dp_l          		SMALLCONST     	1001	0000	8
		_L1            		SMALLCONST     	0000	0000	0
		_L2            		SMALLCONST     	0000	0000	0
		_L3            		SMALLCONST     	0000	0000	0
		_P1            		SMALLCONST     	0000	0000	0
		_L4            		SMALLCONST     	0000	0000	0
		_P2            		SMALLCONST     	0000	0000	0

shared estimated size: 41

/opt/microchip/xc8/v2.40/pic/sources/c99/common/flneg.c
		___flneg       		CODE           	60D0	0000	56

/opt/microchip/xc8/v2.40/pic/sources/c99/common/flneg.c estimated size: 56

/opt/microchip/xc8/v2.40/pic/sources/c99/common/fabsf.c
		_fabsf         		CODE           	6108	0000	52

/opt/microchip/xc8/v2.40/pic/sources/c99/common/fabsf.c estimated size: 52

/opt/microchip/xc8/v2.40/pic/sources/c99/common/sprcadd.c
		___flsub       		CODE           	608A	0000	70
		___fladd       		CODE           	3F98	0000	1216

/opt/microchip/xc8/v2.40/pic/sources/c99/common/sprcadd.c estimated size: 1286

/opt/microchip/xc8/v2.40/pic/sources/c99/common/flge.c
		___flge        		CODE           	5C44	0000	260

/opt/microchip/xc8/v2.40/pic/sources/c99/common/flge.c estimated size: 260

mcc_generated_files/mcc.c
		_PMD_Initialize		CODE           	613C	0000	36
		_OSCILLATOR_Initialize		CODE           	619C	0000	24
		_SYSTEM_Initialize		CODE           	61CA	0000	22

mcc_generated_files/mcc.c estimated size: 82

main.c
		_main          		CODE           	5B30	0000	276
		_sendAck       		CODE           	5FD4	0000	92
		_sendData      		CODE           	548C	0000	542

main.c estimated size: 910

/opt/microchip/xc8/v2.40/pic/sources/c99/common/nanf.c
		_nanf          		CODE           	6160	0000	34

/opt/microchip/xc8/v2.40/pic/sources/c99/common/nanf.c estimated size: 34

