Microchip MPLAB XC8 Compiler V2.40

Linker command line:

-W-3 \
  --edf=/home/teo/.mchp_packs/Microchip/PIC18F-K_DFP/1.8.249/xc8/pic/dat/20230209213641_en.msgs \
  -cn -h+dist/default/production/2_Program_Only_Run_Mode.production.sym \
  --cmf=dist/default/production/2_Program_Only_Run_Mode.production.cmf -z \
  -w9 --disl=596:off --norlf -Q18F26K83 -o/tmp/xcXIbpHKP \
  --defsym=__MPLAB_BUILD=1 \
  -Mdist/default/production/2_Program_Only_Run_Mode.production.map \
  --md=/tmp/xcXAKdkmp.dat -E1 -ver=XC8 Compiler --acfsm=1493 \
  -ACODE=00h-0FFFFh -ACONST=00h-0FFFFh -ASMALLCONST=01000h-010FFhx240 \
  -AMEDIUMCONST=01000h-0FFFFh -ACOMRAM=01h-05Fh -AABS1=00h-0FFFh \
  -ABIGRAM=01h-0FFFh -ARAM=060h-0FFh,0100h-01FFhx15 -ABANK0=060h-0FFh \
  -ABANK1=0100h-01FFh -ABANK2=0200h-02FFh -ABANK3=0300h-03FFh \
  -ABANK4=0400h-04FFh -ABANK5=0500h-05FFh -ABANK6=0600h-06FFh \
  -ABANK7=0700h-07FFh -ABANK8=0800h-08FFh -ABANK9=0900h-09FFh \
  -ABANK10=0A00h-0AFFh -ABANK11=0B00h-0BFFh -ABANK12=0C00h-0CFFh \
  -ABANK13=0D00h-0DFFh -ABANK14=0E00h-0EFFh -ABANK15=0F00h-0FFFh \
  -ASFR=03700h-037FFhx8,03F00h-03F5Fh,03F60h-03FFFh -ABIGSFR=03700h-03FFFh \
  -ACONFIG=0300000h-0300009h -AIDLOC=0200000h-020000Fh \
  -AEEDATA=0310000h-03103FFh -peeprom_data=EEDATA -preset_vec=00h \
  -ppowerup=CODE,init -pramtop=01000h -psmallconst=SMALLCONST \
  -pmediumconst=MEDIUMCONST -pconst=CONST -AFARRAM=00h-00h \
  -prdata=COMRAM,nvrram=COMRAM,nvbit=COMRAM,rbss=COMRAM,rbit=COMRAM \
  -pfarbss=FARRAM,fardata=FARRAM,nvFARRAM=FARRAM \
  -pintsave_regs=BIGRAM,bigbss=BIGRAM,bigdata=BIGRAM -pbss=RAM \
  -pidata=CODE,irdata=CODE,ibigdata=CODE,ifardata=CODE /tmp/xcXkegogD.o \
  dist/default/production/2_Program_Only_Run_Mode.production.o 

Object code version is 3.11

Machine type is 18F26K83



                Name                               Link     Load   Length Selector   Space Scale
/tmp/xcXkegogD.o
                idloc                            200000   200000       10        0       5
                config                           300000   300000        A        0       4
                init                               FFFC     FFFC        4     7FFE       0
                reset_vec                             0        0        4        0       0
dist/default/production/2_Program_Only_Run_Mode.production.o
                idloc                            200000   200000       10        0       5
                config                           300000   300000        A        0       4
                smallconst                         1000     1000        C      800       0
                ivt0x8                             1F9E     1F9E       12      806       0
                text57                             208A     208A        2      806       0
                text56                             2088     2088        2      806       0
                text55                             2086     2086        2      806       0
                text54                             2084     2084        2      806       0
                text53                             2082     2082        2      806       0
                text52                             2080     2080        2      806       0
                text51                             207E     207E        2      806       0
                text50                             1A20     1A20      114      806       0
                text49                             207C     207C        2      806       0
                text48                             1F4E     1F4E       1E      806       0
                text47                             207A     207A        2      806       0
                text46                             1F30     1F30       1E      806       0
                text45                             2078     2078        2      806       0
                text44                             1F12     1F12       1E      806       0
                text43                             2076     2076        2      806       0
                text42                             1EF4     1EF4       1E      806       0
                text41                             2074     2074        2      806       0
                text40                             1ED6     1ED6       1E      806       0
                text39                             2072     2072        2      806       0
                text38                             1EB8     1EB8       1E      806       0
                text37                             2070     2070        2      806       0
                text36                             1E9A     1E9A       1E      806       0
                text35                             206E     206E        2      806       0
                text34                             205A     205A        8      806       0
                text33                             206C     206C        2      806       0
                text32                             136C     136C      1EA      806       0
                text31                             2050     2050        A      806       0
                text30                             2046     2046        A      806       0
                text29                             203C     203C        A      806       0
                text28                             2032     2032        A      806       0
                text27                             2028     2028        A      806       0
                text26                             201E     201E        A      806       0
                text25                             2014     2014        A      806       0
                text24                             200A     200A        A      806       0
                text23                             2000     2000        A      806       0
                text22                             1FF6     1FF6        A      806       0
                text21                             1FEC     1FEC        A      806       0
                text20                             1FE2     1FE2        A      806       0
                text19                             1FD8     1FD8        A      806       0
                text18                             1FCE     1FCE        A      806       0
                text17                             1556     1556      1AC      806       0
                text16                             2068     2068        4      806       0
                text15                             1F86     1F86       18      806       0
                text14                             1D22     1D22       6C      806       0
                text13                             1E76     1E76       24      806       0
                text12                             1FC4     1FC4        A      806       0
                text11                             1FBA     1FBA        A      806       0
                text10                             1FB0     1FB0        A      806       0
                text9                              1DF2     1DF2       46      806       0
                text8                              1F6C     1F6C       1A      806       0
                text7                              1702     1702      198      806       0
                text6                              100C     100C      360      806       0
                text5                              1CA2     1CA2       80      806       0
                text4                              2062     2062        6      806       0
                text3                              1D8E     1D8E       64      806       0
                text2                              1B34     1B34       DC      806       0
                text1                              1C10     1C10       92      806       0
                text0                              189A     189A      186      806       0
                cstackCOMRAM                          1        1       33        1       1
                cstackBANK0                          80       80        2       60       1
                bssBANK0                             60       60       1A       60       1
                dataCOMRAM                           5C       5C        1        1       1
                bssCOMRAM                            34       34       28        1       1
                cinit                              1E38     1E38       3E      806       0
                nvBANK0                              7A       7A        6       60       1
                idataCOMRAM                        208C     208C        1      806       0

TOTAL           Name                               Link     Load   Length     Space
        CLASS   CODE           
                init                               FFFC     FFFC        4         0
                reset_vec                             0        0        4         0
                ivt0x8                             1F9E     1F9E       12         0
                text57                             208A     208A        2         0
                text56                             2088     2088        2         0
                text55                             2086     2086        2         0
                text54                             2084     2084        2         0
                text53                             2082     2082        2         0
                text52                             2080     2080        2         0
                text51                             207E     207E        2         0
                text50                             1A20     1A20      114         0
                text49                             207C     207C        2         0
                text48                             1F4E     1F4E       1E         0
                text47                             207A     207A        2         0
                text46                             1F30     1F30       1E         0
                text45                             2078     2078        2         0
                text44                             1F12     1F12       1E         0
                text43                             2076     2076        2         0
                text42                             1EF4     1EF4       1E         0
                text41                             2074     2074        2         0
                text40                             1ED6     1ED6       1E         0
                text39                             2072     2072        2         0
                text38                             1EB8     1EB8       1E         0
                text37                             2070     2070        2         0
                text36                             1E9A     1E9A       1E         0
                text35                             206E     206E        2         0
                text34                             205A     205A        8         0
                text33                             206C     206C        2         0
                text32                             136C     136C      1EA         0
                text31                             2050     2050        A         0
                text30                             2046     2046        A         0
                text29                             203C     203C        A         0
                text28                             2032     2032        A         0
                text27                             2028     2028        A         0
                text26                             201E     201E        A         0
                text25                             2014     2014        A         0
                text24                             200A     200A        A         0
                text23                             2000     2000        A         0
                text22                             1FF6     1FF6        A         0
                text21                             1FEC     1FEC        A         0
                text20                             1FE2     1FE2        A         0
                text19                             1FD8     1FD8        A         0
                text18                             1FCE     1FCE        A         0
                text17                             1556     1556      1AC         0
                text16                             2068     2068        4         0
                text15                             1F86     1F86       18         0
                text14                             1D22     1D22       6C         0
                text13                             1E76     1E76       24         0
                text12                             1FC4     1FC4        A         0
                text11                             1FBA     1FBA        A         0
                text10                             1FB0     1FB0        A         0
                text9                              1DF2     1DF2       46         0
                text8                              1F6C     1F6C       1A         0
                text7                              1702     1702      198         0
                text6                              100C     100C      360         0
                text5                              1CA2     1CA2       80         0
                text4                              2062     2062        6         0
                text3                              1D8E     1D8E       64         0
                text2                              1B34     1B34       DC         0
                text1                              1C10     1C10       92         0
                text0                              189A     189A      186         0
                cinit                              1E38     1E38       3E         0
                idataCOMRAM                        208C     208C        1         0

        CLASS   CONST          

        CLASS   SMALLCONST     
                smallconst                         1000     1000        C         0

        CLASS   MEDIUMCONST    

        CLASS   COMRAM         
                cstackCOMRAM                          1        1       33         1
                dataCOMRAM                           5C       5C        1         1
                bssCOMRAM                            34       34       28         1

        CLASS   ABS1           

        CLASS   BIGRAM         

        CLASS   RAM            

        CLASS   BANK0          
                cstackBANK0                          80       80        2         1
                bssBANK0                             60       60       1A         1
                nvBANK0                              7A       7A        6         1

        CLASS   BANK1          

        CLASS   BANK2          

        CLASS   BANK3          

        CLASS   BANK4          

        CLASS   BANK5          

        CLASS   BANK6          

        CLASS   BANK7          

        CLASS   BANK8          

        CLASS   BANK9          

        CLASS   BANK10         

        CLASS   BANK11         

        CLASS   BANK12         

        CLASS   BANK13         

        CLASS   BANK14         

        CLASS   BANK15         

        CLASS   SFR            

        CLASS   BIGSFR         

        CLASS   CONFIG         
                config                           300000   300000        A         4

        CLASS   IDLOC          
                idloc                            200000   200000       10         5

        CLASS   EEDATA         

        CLASS   FARRAM         

        CLASS   HEAP           

        CLASS   STACK          



SEGMENTS        Name                           Load    Length   Top    Selector   Space  Class

                bssBANK0                       000060  000022  000082        60       1  BANK0   
                reset_vec                      000000  000004  000004         0       0  CODE    
                text6                          00100C  001081  00208D       806       0  CODE    
                init                           00FFFC  000004  010000      7FFE       0  CODE    
                cstackCOMRAM                   000001  00005C  00005D         1       1  COMRAM  
                smallconst                     001000  00000C  00100C       800       0  SMALLCON


UNUSED ADDRESS RANGES

        Name                Unused          Largest block    Delta
        BANK0            000082-0000FF               7E
        BANK1            000100-0001FF              100
        BANK10           000A00-000AFF              100
        BANK11           000B00-000BFF              100
        BANK12           000C00-000CFF              100
        BANK13           000D00-000DFF              100
        BANK14           000E00-000EFF              100
        BANK15           000F00-000FFF              100
        BANK2            000200-0002FF              100
        BANK3            000300-0003FF              100
        BANK4            000400-0004FF              100
        BANK5            000500-0005FF              100
        BANK6            000600-0006FF              100
        BANK7            000700-0007FF              100
        BANK8            000800-0008FF              100
        BANK9            000900-0009FF              100
        BIGRAM           00005D-00005F                3
                         000082-000FFF              F7E
        BIGSFR           003700-003FFF              900
        CODE             000004-000FFF              FFC
                         00208D-00FFFB             DF6F
        COMRAM           00005D-00005F                3
        CONST            000004-000FFF              FFC
                         00208D-00FFFB             DF6F
        EEDATA           310000-3103FF              400
        MEDIUMCONST      00208D-00FFFB             DF6F
        RAM              000082-000FFF              100
        SFR              003700-003FFF              100
        SMALLCONST       00208D-00FFFB              100

                                  Symbol Table

_CAN_receive                                                     
__HRAM                                        (abs)        000000
__Habs1                                       abs1         000000
__Hbank0                                      bank0        000000
__Hbank1                                      bank1        000000
__Hbank10                                     bank10       000000
__Hbank11                                     bank11       000000
__Hbank12                                     bank12       000000
__Hbank13                                     bank13       000000
__Hbank14                                     bank14       000000
__Hbank15                                     bank15       000000
__Hbank2                                      bank2        000000
__Hbank3                                      bank3        000000
__Hbank4                                      bank4        000000
__Hbank5                                      bank5        000000
__Hbank6                                      bank6        000000
__Hbank7                                      bank7        000000
__Hbank8                                      bank8        000000
__Hbank9                                      bank9        000000
__Hbigbss                                     bigbss       000000
__Hbigdata                                    bigdata      000000
__Hbigram                                     bigram       000000
__Hbigsfr                                     bigsfr       000000
__Hbss                                        bss          000000
__HbssBANK0                                   bssBANK0     000000
__HbssCOMRAM                                  bssCOMRAM    000000
__Hcinit                                      cinit        000000
__Hclrtext                                    clrtext      000000
__Hcomram                                     comram       000000
__Hconst                                      const        000000
__HcstackBANK0                                cstackBANK0  000000
__HcstackCOMRAM                               cstackCOMRAM 000000
__Hdata                                       data         000000
__HdataCOMRAM                                 dataCOMRAM   000000
__Heeprom_data                                eeprom_data  000000
__Hfarbss                                     farbss       000000
__Hfardata                                    fardata      000000
__Hheap                                       heap         000000
__Hibigdata                                   ibigdata     000000
__Hidata                                      idata        000000
__HidataCOMRAM                                idataCOMRAM  000000
__Hifardata                                   ifardata     000000
__Hintsave_regs                               intsave_regs 000000
__Hirdata                                     irdata       000000
__Hivt0x8                                     ivt0x8       000000
__Hmediumconst                                mediumconst  000000
__HnvBANK0                                    nvBANK0      000000
__HnvFARRAM                                   nvFARRAM     000000
__Hnvbit                                      nvbit        000000
__Hnvrram                                     nvrram       000000
__Hparam                                      rparam       000000
__Hpowerup                                    powerup      000000
__Hram                                        ram          000000
__Hrbit                                       rbit         000000
__Hrbss                                       rbss         000000
__Hrdata                                      rdata        000000
__Hrparam                                     rparam       000000
__Hsfr                                        sfr          000000
__Hspace_2                                    (abs)        000000
__Hstack                                      stack        000000
__Hstruct                                     struct       000000
__Htemp                                       temp         000000
__Htext                                       text         000000
__Htext0                                      text0        000000
__Htext1                                      text1        000000
__Htext10                                     text10       000000
__Htext11                                     text11       000000
__Htext12                                     text12       000000
__Htext13                                     text13       000000
__Htext14                                     text14       000000
__Htext15                                     text15       000000
__Htext16                                     text16       000000
__Htext17                                     text17       000000
__Htext18                                     text18       000000
__Htext19                                     text19       000000
__Htext2                                      text2        000000
__Htext20                                     text20       000000
__Htext21                                     text21       000000
__Htext22                                     text22       000000
__Htext23                                     text23       000000
__Htext24                                     text24       000000
__Htext25                                     text25       000000
__Htext26                                     text26       000000
__Htext27                                     text27       000000
__Htext28                                     text28       000000
__Htext29                                     text29       000000
__Htext3                                      text3        000000
__Htext30                                     text30       000000
__Htext31                                     text31       000000
__Htext32                                     text32       000000
__Htext33                                     text33       000000
__Htext34                                     text34       000000
__Htext35                                     text35       000000
__Htext36                                     text36       000000
__Htext37                                     text37       000000
__Htext38                                     text38       000000
__Htext39                                     text39       000000
__Htext4                                      text4        000000
__Htext40                                     text40       000000
__Htext41                                     text41       000000
__Htext42                                     text42       000000
__Htext43                                     text43       000000
__Htext44                                     text44       000000
__Htext45                                     text45       000000
__Htext46                                     text46       000000
__Htext47                                     text47       000000
__Htext48                                     text48       000000
__Htext49                                     text49       000000
__Htext5                                      text5        000000
__Htext50                                     text50       000000
__Htext51                                     text51       000000
__Htext52                                     text52       000000
__Htext53                                     text53       000000
__Htext54                                     text54       000000
__Htext55                                     text55       000000
__Htext56                                     text56       000000
__Htext57                                     text57       000000
__Htext58                                     text58       000000
__Htext6                                      text6        000000
__Htext7                                      text7        000000
__Htext8                                      text8        000000
__Htext9                                      text9        000000
__Labs1                                       abs1         000000
__Lbank0                                      bank0        000000
__Lbank1                                      bank1        000000
__Lbank10                                     bank10       000000
__Lbank11                                     bank11       000000
__Lbank12                                     bank12       000000
__Lbank13                                     bank13       000000
__Lbank14                                     bank14       000000
__Lbank15                                     bank15       000000
__Lbank2                                      bank2        000000
__Lbank3                                      bank3        000000
__Lbank4                                      bank4        000000
__Lbank5                                      bank5        000000
__Lbank6                                      bank6        000000
__Lbank7                                      bank7        000000
__Lbank8                                      bank8        000000
__Lbank9                                      bank9        000000
__Lbigbss                                     bigbss       000000
__Lbigdata                                    bigdata      000000
__Lbigram                                     bigram       000000
__Lbigsfr                                     bigsfr       000000
__Lbss                                        bss          000000
__LbssBANK0                                   bssBANK0     000000
__LbssCOMRAM                                  bssCOMRAM    000000
__Lcinit                                      cinit        000000
__Lclrtext                                    clrtext      000000
__Lcomram                                     comram       000000
__Lconfig                                     config       000000
__Lconst                                      const        000000
__LcstackBANK0                                cstackBANK0  000000
__LcstackCOMRAM                               cstackCOMRAM 000000
__Ldata                                       data         000000
__LdataCOMRAM                                 dataCOMRAM   000000
__Leeprom_data                                eeprom_data  000000
__Lfarbss                                     farbss       000000
__Lfardata                                    fardata      000000
__Lheap                                       heap         000000
__Libigdata                                   ibigdata     000000
__Lidata                                      idata        000000
__LidataCOMRAM                                idataCOMRAM  000000
__Lidloc                                      idloc        000000
__Lifardata                                   ifardata     000000
__Lintsave_regs                               intsave_regs 000000
__Lirdata                                     irdata       000000
__Livt0x8                                     ivt0x8       000000
__Lmediumconst                                mediumconst  000000
__LnvBANK0                                    nvBANK0      000000
__LnvFARRAM                                   nvFARRAM     000000
__Lnvbit                                      nvbit        000000
__Lnvrram                                     nvrram       000000
__Lparam                                      rparam       000000
__Lpowerup                                    powerup      000000
__Lram                                        ram          000000
__Lrbit                                       rbit         000000
__Lrbss                                       rbss         000000
__Lrdata                                      rdata        000000
__Lreset_vec                                  reset_vec    000000
__Lrparam                                     rparam       000000
__Lsfr                                        sfr          000000
__Lspace_0                                    (abs)        000000
__Lspace_1                                    (abs)        000000
__Lspace_2                                    (abs)        000000
__Lspace_4                                    (abs)        000000
__Lstack                                      stack        000000
__Lstruct                                     struct       000000
__Ltemp                                       temp         000000
__Ltext                                       text         000000
__Ltext0                                      text0        000000
__Ltext1                                      text1        000000
__Ltext10                                     text10       000000
__Ltext11                                     text11       000000
__Ltext12                                     text12       000000
__Ltext13                                     text13       000000
__Ltext14                                     text14       000000
__Ltext15                                     text15       000000
__Ltext16                                     text16       000000
__Ltext17                                     text17       000000
__Ltext18                                     text18       000000
__Ltext19                                     text19       000000
__Ltext2                                      text2        000000
__Ltext20                                     text20       000000
__Ltext21                                     text21       000000
__Ltext22                                     text22       000000
__Ltext23                                     text23       000000
__Ltext24                                     text24       000000
__Ltext25                                     text25       000000
__Ltext26                                     text26       000000
__Ltext27                                     text27       000000
__Ltext28                                     text28       000000
__Ltext29                                     text29       000000
__Ltext3                                      text3        000000
__Ltext30                                     text30       000000
__Ltext31                                     text31       000000
__Ltext32                                     text32       000000
__Ltext33                                     text33       000000
__Ltext34                                     text34       000000
__Ltext35                                     text35       000000
__Ltext36                                     text36       000000
__Ltext37                                     text37       000000
__Ltext38                                     text38       000000
__Ltext39                                     text39       000000
__Ltext4                                      text4        000000
__Ltext40                                     text40       000000
__Ltext41                                     text41       000000
__Ltext42                                     text42       000000
__Ltext43                                     text43       000000
__Ltext44                                     text44       000000
__Ltext45                                     text45       000000
__Ltext46                                     text46       000000
__Ltext47                                     text47       000000
__Ltext48                                     text48       000000
__Ltext49                                     text49       000000
__Ltext5                                      text5        000000
__Ltext50                                     text50       000000
__Ltext51                                     text51       000000
__Ltext52                                     text52       000000
__Ltext53                                     text53       000000
__Ltext54                                     text54       000000
__Ltext55                                     text55       000000
__Ltext56                                     text56       000000
__Ltext57                                     text57       000000
__Ltext58                                     text58       000000
__Ltext6                                      text6        000000
__Ltext7                                      text7        000000
__Ltext8                                      text8        000000
__Ltext9                                      text9        000000
__S4                                          (abs)        000000
__S5                                          (abs)        000000
___heap_hi                                    (abs)        000000
___heap_lo                                    (abs)        000000
___inthi_sp                                   stack        000000
___intlo_sp                                   stack        000000
___param_bank                                 (abs)        000000
___sp                                         stack        000000
__mediumconst                                 mediumconst  000000
__ptext58                                     text58       000000
_CAN_receive$0                                cstackCOMRAM 000001
__LRAM                                        (abs)        000001
___rparam_used                                (abs)        000001
__pcstackCOMRAM                               cstackCOMRAM 000001
ECAN_SetBusOffHandler@handler                 cstackCOMRAM 000003
ECAN_SetMessageErrorInterruptHandler@handler  cstackCOMRAM 000003
ECAN_SetRXB0InterruptHandler@handler          cstackCOMRAM 000003
ECAN_SetRXB0OverflowHandler@handler           cstackCOMRAM 000003
ECAN_SetRXB1InterruptHandler@handler          cstackCOMRAM 000003
ECAN_SetRXB1OverflowHandler@handler           cstackCOMRAM 000003
ECAN_SetRXPassiveHandler@handler              cstackCOMRAM 000003
ECAN_SetRXWarningHandler@handler              cstackCOMRAM 000003
ECAN_SetTXB0InterruptHandler@handler          cstackCOMRAM 000003
ECAN_SetTXB1InterruptHandler@handler          cstackCOMRAM 000003
ECAN_SetTXB2InterruptHandler@handler          cstackCOMRAM 000003
ECAN_SetTXPassiveHandler@handler              cstackCOMRAM 000003
ECAN_SetTXWarningHandler@handler              cstackCOMRAM 000003
ECAN_SetWakeUpInterruptHandler@handler        cstackCOMRAM 000003
SPI1_ExchangeBlock@block                      cstackCOMRAM 000003
SPI1_SetInterruptHandler@handler              cstackCOMRAM 000003
SPI1_SetRxInterruptHandler@handler            cstackCOMRAM 000003
SPI1_SetTxInterruptHandler@handler            cstackCOMRAM 000003
__activetblptr                                (abs)        000003
SPI1_Open@spi1UniqueConfiguration             cstackCOMRAM 000004
__Hreset_vec                                  reset_vec    000004
SPI1_ExchangeBlock@blockSize                  cstackCOMRAM 000005
SPI1_ExchangeBlock@data                       cstackCOMRAM 000007
CAN_transmit@tempCanMsg                       cstackCOMRAM 000015
CAN_transmit@returnValue                      cstackCOMRAM 000017
CAN_transmit@tempEIDH                         cstackCOMRAM 000018
CAN_transmit@tempEIDL                         cstackCOMRAM 000019
CAN_transmit@tempSIDH                         cstackCOMRAM 00001A
CAN_transmit@tempSIDL                         cstackCOMRAM 00001B
__pbssCOMRAM                                  bssCOMRAM    000034
_message                                      bssCOMRAM    000034
_cont                                         bssCOMRAM    000038
_pushFlag                                     bssCOMRAM    00003A
_MessageErrorInterruptHandler                 bssCOMRAM    00003C
_WakeUpInterruptHandler                       bssCOMRAM    00003E
_RXWarningHandler                             bssCOMRAM    000040
_TXWarningHandler                             bssCOMRAM    000042
_RXPassiveHandler                             bssCOMRAM    000044
_TXPassiveHandler                             bssCOMRAM    000046
_BusOffHandler                                bssCOMRAM    000048
_RXB1OverflowHandler                          bssCOMRAM    00004A
_RXB0OverflowHandler                          bssCOMRAM    00004C
_TXB2InterruptHandler                         bssCOMRAM    00004E
_TXB1InterruptHandler                         bssCOMRAM    000050
_TXB0InterruptHandler                         bssCOMRAM    000052
_RXB1InterruptHandler                         bssCOMRAM    000054
_RXB0InterruptHandler                         bssCOMRAM    000056
_data_RX                                      bssCOMRAM    000058
_y                                            bssCOMRAM    000059
_x                                            bssCOMRAM    00005A
_delay                                        bssCOMRAM    00005B
__pdataCOMRAM                                 dataCOMRAM   00005C
_data_TX                                      dataCOMRAM   00005C
__accesstop                                   (abs)        000060
__pbssBANK0                                   bssBANK0     000060
_degrees                                      bssBANK0     000064
_position_bits                                bssBANK0     000068
_ReceiveMsg                                   bssBANK0     00006C
_SPI1_TxInterruptHandler                      nvBANK0      00007A
__pnvBANK0                                    nvBANK0      00007A
_SPI1_RxInterruptHandler                      nvBANK0      00007C
_SPI1_InterruptHandler                        nvBANK0      00007E
__pcstackBANK0                                cstackBANK0  000080
__Hspace_1                                    (abs)        000082
__S1                                          (abs)        000082
__Hramtop                                     ramtop       001000
__Lramtop                                     ramtop       001000
__Lsmallconst                                 smallconst   001000
__psmallconst                                 smallconst   001000
__ramtop                                      ramtop       001000
__smallconst                                  smallconst   001000
_spi1_configuration                           smallconst   001001
__end_of_spi1_configuration                   smallconst   001006
__end_of_canId                                smallconst   00100A
_CAN_transmit                                 text6        00100C
__Hsmallconst                                 smallconst   00100C
__ptext6                                      text6        00100C
_INTERRUPT_InterruptManager                   text32       00136C
__end_of_CAN_transmit                         text6        00136C
__ptext32                                     text32       00136C
_ECAN_Initialize                              text17       001556
__end_of_INTERRUPT_InterruptManager           text32       001556
__ptext17                                     text17       001556
__end_of_ECAN_Initialize                      text17       001702
__ptext7                                      text7        001702
_convertCANid2Reg                             text7        001702
__end_of_convertCANid2Reg                     text7        00189A
__ptext0                                      text0        00189A
_main                                         text0        00189A
_ECAN_ERRI_ISR                                text50       001A20
__end_of_main                                 text0        001A20
__ptext50                                     text50       001A20
_SPI1_Open                                    text2        001B34
__end_of_ECAN_ERRI_ISR                        text50       001B34
__ptext2                                      text2        001B34
__end_of_SPI1_Open                            text2        001C10
__ptext1                                      text1        001C10
_sendData                                     text1        001C10
__end_of_sendData                             text1        001CA2
__ptext5                                      text5        001CA2
_sendAck                                      text5        001CA2
_PIN_MANAGER_Initialize                       text14       001D22
__end_of_sendAck                              text5        001D22
__ptext14                                     text14       001D22
_SPI1_ExchangeBlock                           text3        001D8E
__end_of_PIN_MANAGER_Initialize               text14       001D8E
__ptext3                                      text3        001D8E
_SPI1_Initialize                              text9        001DF2
__end_of_SPI1_ExchangeBlock                   text3        001DF2
__ptext9                                      text9        001DF2
__end_of_SPI1_Initialize                      text9        001E38
__initialization                              cinit        001E38
__pcinit                                      cinit        001E38
__end_of__initialization                      cinit        001E70
_PMD_Initialize                               text13       001E76
__ptext13                                     text13       001E76
_ECAN_WAKI_ISR                                text36       001E9A
__end_of_PMD_Initialize                       text13       001E9A
__ptext36                                     text36       001E9A
_ECAN_TXB2I_ISR                               text38       001EB8
__end_of_ECAN_WAKI_ISR                        text36       001EB8
__ptext38                                     text38       001EB8
_ECAN_TXB1I_ISR                               text40       001ED6
__end_of_ECAN_TXB2I_ISR                       text38       001ED6
__ptext40                                     text40       001ED6
_ECAN_TXB0I_ISR                               text42       001EF4
__end_of_ECAN_TXB1I_ISR                       text40       001EF4
__ptext42                                     text42       001EF4
_ECAN_RXB1I_ISR                               text44       001F12
__end_of_ECAN_TXB0I_ISR                       text42       001F12
__ptext44                                     text44       001F12
_ECAN_RXB0I_ISR                               text46       001F30
__end_of_ECAN_RXB1I_ISR                       text44       001F30
__ptext46                                     text46       001F30
_ECAN_IRXI_ISR                                text48       001F4E
__end_of_ECAN_RXB0I_ISR                       text46       001F4E
__ptext48                                     text48       001F4E
_SYSTEM_Initialize                            text8        001F6C
__end_of_ECAN_IRXI_ISR                        text48       001F6C
__ptext8                                      text8        001F6C
_OSCILLATOR_Initialize                        text15       001F86
__end_of_SYSTEM_Initialize                    text8        001F86
__ptext15                                     text15       001F86
__end_of_OSCILLATOR_Initialize                text15       001F9E
__pivt0x8                                     ivt0x8       001F9E
_SPI1_SetTxInterruptHandler                   text10       001FB0
__ptext10                                     text10       001FB0
_SPI1_SetRxInterruptHandler                   text11       001FBA
__end_of_SPI1_SetTxInterruptHandler           text10       001FBA
__ptext11                                     text11       001FBA
_SPI1_SetInterruptHandler                     text12       001FC4
__end_of_SPI1_SetRxInterruptHandler           text11       001FC4
__ptext12                                     text12       001FC4
_ECAN_SetWakeUpInterruptHandler               text18       001FCE
__end_of_SPI1_SetInterruptHandler             text12       001FCE
__ptext18                                     text18       001FCE
_ECAN_SetTXWarningHandler                     text19       001FD8
__end_of_ECAN_SetWakeUpInterruptHandler       text18       001FD8
__ptext19                                     text19       001FD8
_ECAN_SetTXPassiveHandler                     text20       001FE2
__end_of_ECAN_SetTXWarningHandler             text19       001FE2
__ptext20                                     text20       001FE2
_ECAN_SetTXB2InterruptHandler                 text21       001FEC
__end_of_ECAN_SetTXPassiveHandler             text20       001FEC
__ptext21                                     text21       001FEC
_ECAN_SetTXB1InterruptHandler                 text22       001FF6
__end_of_ECAN_SetTXB2InterruptHandler         text21       001FF6
__ptext22                                     text22       001FF6
_ECAN_SetTXB0InterruptHandler                 text23       002000
__end_of_ECAN_SetTXB1InterruptHandler         text22       002000
__ptext23                                     text23       002000
_ECAN_SetRXWarningHandler                     text24       00200A
__end_of_ECAN_SetTXB0InterruptHandler         text23       00200A
__ptext24                                     text24       00200A
_ECAN_SetRXPassiveHandler                     text25       002014
__end_of_ECAN_SetRXWarningHandler             text24       002014
__ptext25                                     text25       002014
_ECAN_SetRXB1OverflowHandler                  text26       00201E
__end_of_ECAN_SetRXPassiveHandler             text25       00201E
__ptext26                                     text26       00201E
_ECAN_SetRXB1InterruptHandler                 text27       002028
__end_of_ECAN_SetRXB1OverflowHandler          text26       002028
__ptext27                                     text27       002028
_ECAN_SetRXB0OverflowHandler                  text28       002032
__end_of_ECAN_SetRXB1InterruptHandler         text27       002032
__ptext28                                     text28       002032
_ECAN_SetRXB0InterruptHandler                 text29       00203C
__end_of_ECAN_SetRXB0OverflowHandler          text28       00203C
__ptext29                                     text29       00203C
_ECAN_SetMessageErrorInterruptHandler         text30       002046
__end_of_ECAN_SetRXB0InterruptHandler         text29       002046
__ptext30                                     text30       002046
_ECAN_SetBusOffHandler                        text31       002050
__end_of_ECAN_SetMessageErrorInterruptHandler text30       002050
__ptext31                                     text31       002050
_SPI1_DefaultRxHandler                        text34       00205A
__end_of_ECAN_SetBusOffHandler                text31       00205A
__ptext34                                     text34       00205A
_SPI1_Close                                   text4        002062
__end_of_SPI1_DefaultRxHandler                text34       002062
__ptext4                                      text4        002062
_INTERRUPT_Initialize                         text16       002068
__end_of_SPI1_Close                           text4        002068
__ptext16                                     text16       002068
_SPI1_DefaultTxHandler                        text33       00206C
__end_of_INTERRUPT_Initialize                 text16       00206C
__ptext33                                     text33       00206C
_SPI1_DefaultHandler                          text35       00206E
__end_of_SPI1_DefaultTxHandler                text33       00206E
__ptext35                                     text35       00206E
_WakeUpDefaultInterruptHandler                text37       002070
__end_of_SPI1_DefaultHandler                  text35       002070
__ptext37                                     text37       002070
_TXB2DefaultInterruptHandler                  text39       002072
__end_of_WakeUpDefaultInterruptHandler        text37       002072
__ptext39                                     text39       002072
_TXB1DefaultInterruptHandler                  text41       002074
__end_of_TXB2DefaultInterruptHandler          text39       002074
__ptext41                                     text41       002074
_TXB0DefaultInterruptHandler                  text43       002076
__end_of_TXB1DefaultInterruptHandler          text41       002076
__ptext43                                     text43       002076
_RXB1DefaultInterruptHandler                  text45       002078
__end_of_TXB0DefaultInterruptHandler          text43       002078
__ptext45                                     text45       002078
_RXB0DefaultInterruptHandler                  text47       00207A
__end_of_RXB1DefaultInterruptHandler          text45       00207A
__ptext47                                     text47       00207A
_MessageErrorDefaultInterruptHandler          text49       00207C
__end_of_RXB0DefaultInterruptHandler          text47       00207C
__ptext49                                     text49       00207C
_TXWarningDefaultHandler                      text51       00207E
__end_of_MessageErrorDefaultInterruptHandler  text49       00207E
__ptext51                                     text51       00207E
_TXPassiveDefaultHandler                      text52       002080
__end_of_TXWarningDefaultHandler              text51       002080
__ptext52                                     text52       002080
_RXWarningDefaultHandler                      text53       002082
__end_of_TXPassiveDefaultHandler              text52       002082
__ptext53                                     text53       002082
_RXPassiveDefaultHandler                      text54       002084
__end_of_RXWarningDefaultHandler              text53       002084
__ptext54                                     text54       002084
_RXB1OverflowDefaultHandler                   text55       002086
__end_of_RXPassiveDefaultHandler              text54       002086
__ptext55                                     text55       002086
_RXB0OverflowDefaultHandler                   text56       002088
__end_of_RXB1OverflowDefaultHandler           text55       002088
__ptext56                                     text56       002088
_BusOffDefaultHandler                         text57       00208A
__end_of_RXB0OverflowDefaultHandler           text56       00208A
__ptext57                                     text57       00208A
__end_of_BusOffDefaultHandler                 text57       00208C
__pidataCOMRAM                                idataCOMRAM  00208C
_CIOCON                                       (abs)        003700
_CIOCONbits                                   (abs)        003700
_BRGCON1                                      (abs)        003703
_BRGCON2                                      (abs)        003704
_BRGCON3                                      (abs)        003705
_BRGCON3bits                                  (abs)        003705
_RXF0SIDH                                     (abs)        0037A0
_RXF0SIDL                                     (abs)        0037A1
_RXF0EIDH                                     (abs)        0037A2
_RXF0EIDL                                     (abs)        0037A3
_RXF1SIDH                                     (abs)        0037A4
_RXF1SIDL                                     (abs)        0037A5
_RXF1EIDH                                     (abs)        0037A6
_RXF1EIDL                                     (abs)        0037A7
_RXF2SIDH                                     (abs)        0037A8
_RXF2SIDL                                     (abs)        0037A9
_RXF2EIDH                                     (abs)        0037AA
_RXF2EIDL                                     (abs)        0037AB
_RXF3SIDH                                     (abs)        0037AC
_RXF3SIDL                                     (abs)        0037AD
_RXF3EIDH                                     (abs)        0037AE
_RXF3EIDL                                     (abs)        0037AF
_RXF4SIDH                                     (abs)        0037B0
_RXF4SIDL                                     (abs)        0037B1
_RXF4EIDH                                     (abs)        0037B2
_RXF4EIDL                                     (abs)        0037B3
_RXF5SIDH                                     (abs)        0037B4
_RXF5SIDL                                     (abs)        0037B5
_RXF5EIDH                                     (abs)        0037B6
_RXF5EIDL                                     (abs)        0037B7
_RXM0SIDH                                     (abs)        0037B8
_RXM0SIDL                                     (abs)        0037B9
_RXM0EIDH                                     (abs)        0037BA
_RXM0EIDL                                     (abs)        0037BB
_RXM1SIDH                                     (abs)        0037BC
_RXM1SIDL                                     (abs)        0037BD
_RXM1EIDH                                     (abs)        0037BE
_RXM1EIDL                                     (abs)        0037BF
_TXB2CONbits                                  (abs)        0037C0
_TXB2SIDH                                     (abs)        0037C1
_TXB2SIDL                                     (abs)        0037C2
_TXB2EIDH                                     (abs)        0037C3
_TXB2EIDL                                     (abs)        0037C4
_TXB2DLC                                      (abs)        0037C5
_TXB2D0                                       (abs)        0037C6
_TXB2D1                                       (abs)        0037C7
_TXB2D2                                       (abs)        0037C8
_TXB2D3                                       (abs)        0037C9
_TXB2D4                                       (abs)        0037CA
_TXB2D5                                       (abs)        0037CB
_TXB2D6                                       (abs)        0037CC
_TXB2D7                                       (abs)        0037CD
_TXB1CONbits                                  (abs)        0037D0
_TXB1SIDH                                     (abs)        0037D1
_TXB1SIDL                                     (abs)        0037D2
_TXB1EIDH                                     (abs)        0037D3
_TXB1EIDL                                     (abs)        0037D4
_TXB1DLC                                      (abs)        0037D5
_TXB1D0                                       (abs)        0037D6
_TXB1D1                                       (abs)        0037D7
_TXB1D2                                       (abs)        0037D8
_TXB1D3                                       (abs)        0037D9
_TXB1D4                                       (abs)        0037DA
_TXB1D5                                       (abs)        0037DB
_TXB1D6                                       (abs)        0037DC
_TXB1D7                                       (abs)        0037DD
_TXB0CONbits                                  (abs)        0037E0
_TXB0SIDH                                     (abs)        0037E1
_TXB0SIDL                                     (abs)        0037E2
_TXB0EIDH                                     (abs)        0037E3
_TXB0EIDL                                     (abs)        0037E4
_TXB0DLC                                      (abs)        0037E5
_TXB0D0                                       (abs)        0037E6
_TXB0D1                                       (abs)        0037E7
_TXB0D2                                       (abs)        0037E8
_TXB0D3                                       (abs)        0037E9
_TXB0D4                                       (abs)        0037EA
_TXB0D5                                       (abs)        0037EB
_TXB0D6                                       (abs)        0037EC
_TXB0D7                                       (abs)        0037ED
_RXB1CONbits                                  (abs)        0037F0
_PIE2bits                                     (abs)        003992
_PIE5bits                                     (abs)        003995
_PIR2bits                                     (abs)        0039A2
_PIR5bits                                     (abs)        0039A5
_PMD0                                         (abs)        0039C0
_PMD1                                         (abs)        0039C1
_PMD2                                         (abs)        0039C2
_PMD3                                         (abs)        0039C3
_PMD4                                         (abs)        0039C4
_PMD5                                         (abs)        0039C5
_PMD6                                         (abs)        0039C6
_PMD7                                         (abs)        0039C7
_OSCCON1                                      (abs)        0039D9
_OSCCON3                                      (abs)        0039DB
_OSCEN                                        (abs)        0039DD
_OSCTUNE                                      (abs)        0039DE
_OSCFRQ                                       (abs)        0039DF
_RB2PPS                                       (abs)        003A0A
_RC5PPS                                       (abs)        003A15
_ANSELA                                       (abs)        003A40
_WPUA                                         (abs)        003A41
_ODCONA                                       (abs)        003A42
_SLRCONA                                      (abs)        003A43
_INLVLA                                       (abs)        003A44
_ANSELB                                       (abs)        003A50
_WPUB                                         (abs)        003A51
_ODCONB                                       (abs)        003A52
_SLRCONB                                      (abs)        003A53
_INLVLB                                       (abs)        003A54
_ANSELC                                       (abs)        003A60
_WPUC                                         (abs)        003A61
_ODCONC                                       (abs)        003A62
_SLRCONC                                      (abs)        003A63
_INLVLC                                       (abs)        003A64
_WPUE                                         (abs)        003A81
_INLVLE                                       (abs)        003A84
_SPI1SCKPPS                                   (abs)        003AE0
_SPI1SDIPPS                                   (abs)        003AE1
_SPI1SSPPS                                    (abs)        003AE2
_CANRXPPS                                     (abs)        003AED
_SPI1RXB                                      (abs)        003D10
_SPI1TXB                                      (abs)        003D11
_SPI1TCNTL                                    (abs)        003D12
_SPI1CON0                                     (abs)        003D14
_SPI1CON0bits                                 (abs)        003D14
_SPI1CON1                                     (abs)        003D15
_SPI1CON2                                     (abs)        003D16
_SPI1BAUD                                     (abs)        003D19
_SPI1CLK                                      (abs)        003D1C
_RXB0CONbits                                  (abs)        003F80
_CANSTAT                                      (abs)        003F8E
_CANCON                                       (abs)        003F8F
_COMSTATbits                                  (abs)        003F90
_ECANCON                                      (abs)        003F91
_LATA                                         (abs)        003FBA
_LATB                                         (abs)        003FBB
_LATC                                         (abs)        003FBC
_LATCbits                                     (abs)        003FBC
_TRISA                                        (abs)        003FC2
_TRISB                                        (abs)        003FC3
_TRISBbits                                    (abs)        003FC3
_TRISC                                        (abs)        003FC4
_TRISCbits                                    (abs)        003FC4
_PORTAbits                                    (abs)        003FCA
_INTCON0bits                                  (abs)        003FD2
IVTBASEL                                      (abs)        003FD5
IVTBASEH                                      (abs)        003FD6
IVTBASEU                                      (abs)        003FD7
__Linit                                       init         00FFFC
__Hinit                                       init         010000
__Hspace_0                                    (abs)        010000
__S0                                          (abs)        010000
__Hidloc                                      idloc        200010
__Hconfig                                     config       30000A
__Hspace_4                                    (abs)        60000A
convertCANid2Reg@tempPassedInID               cstackCOMRAM 000003
convertCANid2Reg@canIdType                    cstackCOMRAM 000007
convertCANid2Reg@passedInEIDH                 cstackCOMRAM 000008
convertCANid2Reg@passedInEIDL                 cstackCOMRAM 00000A
convertCANid2Reg@passedInSIDH                 cstackCOMRAM 00000C
convertCANid2Reg@passedInSIDL                 cstackCOMRAM 00000E
convertCANid2Reg@wipSIDL                      cstackCOMRAM 000014
end_of_initialization                         cinit        001E70
intlevel0                                     text         000000
intlevel1                                     text         000000
intlevel2                                     text         000000
intlevel3                                     text         000000
isa$xinst                                     (abs)        000000
isa$std                                       (abs)        000001
ivt0x8_base                                   ivt0x8       001F9E
sendAck@op                                    cstackCOMRAM 00001C
sendData@op                                   cstackCOMRAM 00001C
sendAck@AckMsg                                cstackCOMRAM 000022
sendData@data_TX                              cstackCOMRAM 000022
sendData@SendMsg                              cstackCOMRAM 000026
stackhi                                       (abs)        000000
stacklo                                       (abs)        000000
start_initialization                          cinit        001E38
start                                         init         00FFFC
